;
; $Id$
; rtl.lib
;

abs
accept
ampm
at
binnum
binnumx
box
cdpapi
chrasc
chruni
colorind
console
copyfile
datec
dateshb
dbf2txt
defpath
descend
dirdrive
direct
diskspac
disksphb
dllcall
empty
file
filebuf
filehb
filenet
filestat
filesys
fserror
fkmax
fnsplit
fparse
fssize
fstemp
gete
gt
gtapi
gtapiu
gtchrmap
gtclip
gtfunc
gtkeycod
gtkbstat
gttone
gtsys
gx
hardcr
hbbitf
hbchksum
hbcomprs
hbsocket
hbsockhb
hbserv
hbzlibgz
hbcrc32
hbcrypt
hbffind
hbfile
hbgtcore
hbhex2n
hbip
hbjson
hbmd5
hbntos
hboutdbg
hbrandom
hbsrlraw
hbsyslog
hbtoken
hbxml
idle
inkey
inkeyapi
is
isprint
langapi
left
len
lennum
math
maxrow
memofile
minmax
mlcfunc
mod
mouseapi
mousex
mouse53
mtran
natmsg
net
oemansi
oldbox
oldclear
pad
padc
padl
padr
philes
philes53
philesx
rat
readline
replic
right
round
run
samples
saverest
scroll
seconds
session
readexit
readins
regex
setcolor
setcurs
setkey
setpos
setposbs
shadow
soundex
space
spfiles
str
str2ptr
strcase
strdel
strings
strmatch
strpeek
strtran
strzero
stuff
substr
tone
tprinter
trace
transfrm
trim
txtline
type
val
valtostr
valtype
version
word
xhelp
xsavescr
achoice
adir
alert
arrayblk
browdb
browdbx
browse
checkbox
clpclass
color53
cstr
cstruct
dbedit
decode
devoutp
dircmd
dummy
dumpvar
einstvar
error
errorsys
fieldbl
getlist
getsys
hbini
hblog
hblognet
hbserial
input
listbox
memoedit
memvarbl
menuto
mssgline
objfunc
perfuncs
persist
profiler
pushbtn
radiobtn
radiogrp
readkey
readvar
regexrpl
scrollbr
setfunc
setta
sprintf
stream
tbcolumn
tbrowse
tclass
teditor
text
tget
tgetint
tgetlist
tlabel
tmenuitm
tobject
tpopup
traceprg
treport
trpc
trpccli
tscalar
ttable
ttextlin
ttopbar
txml
typefile
wait
win32ole
hbping
hbwinole
win32prn
winos
winreg
sha1
sha1hmac
sha2
sha2hmac
hbsha1
hbsha1hm
hbsha2
hbsha2hm
hbbffnc
hbbfish
hbrand
arc4
hbcom
hbcomhb
win_misc
