;
; $Id$
; xharbour.dll
;

; ENTRYPOINT
maindllh

; RTL
! include winmake/rtl.lst

; PCRE
pcre_byte_order
pcre_chartables
pcre_compile
pcre_config
pcre_dfa_exec
pcre_exec
pcre_fullinfo
pcre_get
pcre_globals
pcre_maketables
pcre_newline
pcre_ord2utf8
pcre_refcount
pcre_study
pcre_tables
pcre_valid_utf8
pcre_version
pcre_ucd
pcre_xclass
pcreposix

; ZIP
adler32
compress
crc32
deflate
gzread
gzclose
gzlib
gzwrite
infback
inffast
inflate
inftrees
trees
uncompr
zutil

; LANG
msgbgmik
msgbgwin
msgby866
msgbywin
msgca
msgcs852
msgcsiso
msgcskam
msgcswin
msgde
msgdewin
msgen
msgeo
msges
msgeswin
msgeu
msgfr
msggl
msghe862
msghewin
msghr1250
msghr437
msghr852
msghriso
msghu852
msghucwi
msghuwin
msgid
msgis850
msgit
msgko
msgltwin
msgnl
msgpl852
msgpliso
msgplmaz
msgplwin
msgpt
msgro
msgru866
msgrukoi
msgruwin
msgsl852
msgsliso
msgslwin
msgsr852
msgsriso
msgsrwin
msgsv
msgsvwin
msgua866
msguados
msguakoi
msguawin
msgzhb5
msgzhgb
msg_tpl

; MACRO
macroy
macroa
macrob
macroc
macroslx

; RDD
dbcmd
dbcmd53
dbcmdx
dbcmdhb
dbdrop
dbexists
dbrename
fieldhb
rddinfo
workarea
wacore
wafunc
dbf1
dbf1net
dbnubs
delim1
sdf1
dbdelim
dbfuncs
dbfuncsx
dbjoin
dbjoinx
dbsdf
dbtotal
dbtotalx
dblist
dblistx
dbsort
dbsortx
hbdbsort
dbstrux
dbstruxx
dbstruxu
dbupdat
dbupdatx
rddord
rddordu
rddsys

dbffpt1
redbffpt1
dbfntx1
dbfnsx1
dbfcdx1
dbfmdx1
bmdbfcdx1
redbfcdx1
sixcdx1
bmsixcdx1
sxcompr
sxcrypt
sxdate
sxsem
sxfname
sxtable
sxord
sxutil
sxredir
sxcompat
sxini
sxtrig
hsx
cftsfunc
usrrdd

; PP
pptable
ppcore
pplib
pplib2
pplib3

; DEBUG
dbgmenu
dbgtmenu
dbgtmitm
dbgtwin
debugger
dbghelp
dbgtarr
dbgthsh
dbgtobj
tbrwtext
dbgaltd
dbgwa
dbgbrwsr

; COMMON
hbarch
hbfopen
hbfsapi
hbgete
hbhash
hbmem
hbstr
hbprintf
hbtrace
hbver
expropt1
expropt2
reserved
hbdate
hbwince

; VM_LIB_OBJS
; this part is defined in the corresponding makefile
;hvmall
;arrays
;arrayshb
;asort
;classes
;classesc
;codebloc
;debug
;do
;dynlibhb
;dynsym
;errorapi
;estack
;eval
;evalhb
;extend
;fm
;garbage
;hash
;hvm
;initexit
;itemapi
;fastitem
;macro
;memvars
;pcount
;proc
;pvalue
;set
;strapi
;thread

; VM_COMMON_OBJS
cmdarg
dbgentry
hbi18n
inet
break
initsymb
memvclip
runner
throw
harbinit
errlogmt
lognetmt
trpcvmmt
bkgtsks

; TIP_LIB_OBJS
base64x
utils
base64
client
credent
encb64
encoder
encqp
encurl
ftpcln
httpcln
mail
popcln
smtpcln
thtml
sendmail
url

; CODEPAGE_LIB_OBJS
cpbg866
cpbgiso
cpbgmik
cpbgwin
cpcs852
cpcsiso
cpcskam
cpcswin
cpde850
cpdeiso
cpdewin
cpel737
cpelwin
cpes850
cpes850c
cpesiso
cpesisoc
cpeswin
cpeswinc
cpeswinm
cpfr850
cpfriso
cpfrwin
cphr437
cphr852
cphrwin
cphu852
cphu852s
cphuiso
cphuisos
cphuwin
cphuwins
cpit437
cpit850
cpitisb
cpitiso
cpitwin
cpltwin
cppl852
cppliso
cpplmaz
cpplwin
cppt850
cpptiso
cpro852
cproiso
cprowin
cpru866
cpruiso
cprukoi
cpruwin
cpsk852
cpskiso
cpskkam
cpskwin
cpsl437
cpsl852
cpsliso
cpslwin
cpsrwin
cpsv850
cpsvclip
cpsviso
cpsvwin
cptr857
cptrwin
cpua1125
cpua866
cpuakoi
cpuawin
uc1125
uc1250
uc1251
uc1252
uc1253
uc1254
uc1255
uc1256
uc1257
uc1258
uc737
uc775
uc850
uc852
uc855
uc857
uc860
uc861
uc862
uc863
uc864
uc865
uc866
uc869
uc874
uc8859_1
uc88591b
uc8859_2
uc8859_3
uc8859_4
uc8859_5
uc8859_6
uc8859_7
uc8859_8
uc8859_9
uc885910
uc885911
uc885913
uc885914
uc885915
uc885916
uckam
uckoi8
uckoi8u
ucmaz
ucmik
uc037
uc1006
uc1026
uc424
uc500
uc856
uc875
ucascii
ucatari
ucmacce
ucmaccyr
ucmacgrk
ucmacice
ucmacrom
ucmactrk
ucnext

; CT_LIB_OBJS
addascii
asciisum
ascpos
atadjust
atnum
atrepl
blank
bit1
bit2
bit3
charevod
charlist
charmirr
charmix
charone
charonly
charop
charrepl
charsort
charswap
count
ctc
ctchksum
ctcrypt
ctmath
ctmath2
ctnet
ctpad
ctset
ctstr
ctwfunc
ctwin
cursor
datetime
dattime2
dbftools
disk
envparam
exponent
files
finan
ftoc
intneg
justify
keyset
lton
maxline
misc1
misc2
misc3
num1
numat
numcount
numline
numlohi
pack
pos1
pos2
posdiff
print
range
relation
remove
replace
screen1
settime
setlast
strdiff
strfile
strswap
tab
token1
token2
trig
wordrepl
wordtoch
color
ct
ctmisc
ctrand
dattime3
diskutil
fcopy
getinfo
getsecrt
keysec
keytime
like
numconv
screen2
screen3
setkeys
scrmark
showtime
spread
trapkey
cttime
util

; MISC_LIB_OBJS
hb_fHBMISC
twirlerHBMISC
numtxthuHBMISC
numtxtenHBMISC
nconvertHBMISC
stringpHBMISC
filereadHBMISC
environHBMISC
gaugeHBMISC
numHBMISC
dateHBMISC
timeHBMISC
stackHBMISC
statusHBMISC
strfmtHBMISC
mathxHBMISC
stringsxHBMISC

; JPEG_LIB_OBJS
jaricom
jcapimin
jcapistd
jcarith
jctrans
jcparam
jdatadst
jcinit
jmemansi
jcmaster
jcmarker
jcmainct
jcprepct
jccoefct
jccolor
jcsample
jchuff
jcdctmgr
jfdctfst
jfdctflt
jfdctint
jdapimin
jdapistd
jdtrans
jdatasrc
jdmaster
jdinput
jdmarker
jdhuff
jdmainct
jdcoefct
jdpostct
jddctmgr
jidctfst
jidctflt
jidctint
jdsample
jdcolor
jquant1
jquant2
jdmerge
jcomapi
jutils
jerror
jmemmgr
jdarith
cdjpeg
rdcolmap
wrbmp
wrgif
wrppm
wrtarga

; PNG_LIB_OBJS
png
pngerror
pngget
pngmem
pngpread
pngread
pngrio
pngrtran
pngrutil
pngset
pngtrans
pngwio
pngwrite
pngwtran
pngwutil

; GTWIN_LIB_OBJS
gtwin

; GTWVT_LIB_OBJS
; Error: Unresolved external '_hb_stack_ready'
gtwvt

; GTGUI_LIB_OJS
gtgui
gtdef
gtwvw
wvwcheck
wvwdraw
wvwedit
wvwfuncs
wvwmenu
wvwpush
wvwstbar
wvwtbar

